Rï¿½fï¿½Woï¿½ï¿½ï¿½$ï¿½Å˜Vï¿½ï¿½'ï¿½m%Ü—ï¿½ï¿½ (ï¿½
ï¿½ 9 k 5 =ï¿½ï¿½	ï¿½#ï¿½ï¿½ï¿½' 3 g 2   / < 
  [      	localhostï¿½   
         #  3t    " Rï¿½fï¿½Woï¿½ï¿½ï¿½$ï¿½Å˜Vï¿½ï¿½'ï¿½m%Ü—ï¿½ï¿½ (ï¿½
ï¿½ 9 k 5 =ï¿½ï¿½	ï¿½#ï¿½ï¿½ï¿½' 3 g 2   / < 
  [      	localhostï¿½   
         #  3t    " Rï¿½fï¿½Woï¿½ï¿½ï¿½$ï¿½Å˜Vï¿½ï¿½'ï¿½m%Ü—ï¿½ï¿½ (ï¿½
ï¿½ 9 k 5 =ï¿½ï¿½	ï¿½#ï¿½ï¿½ï¿½' 3 g 2   / < 
  [      	localhostï¿½   
         #  3t    " Rï¿½fï¿½Woï¿½ï¿½ï¿½$ï¿½Å˜Vï¿½ï¿½'ï¿½m%Ü—ï¿½ï¿½ (ï¿½
ï¿½ 9 k 5 =ï¿½ï¿½	ï¿½#ï¿½ï¿½ï¿½' 3 g 2   / < 
  [      	localhostï¿½   
         #  3t    " Rï¿½fï¿½Woï¿½ï¿½ï¿½$ï¿½Å˜Vï¿½ï¿½'ï¿½m%Ü—ï¿½ï¿½ (ï¿½
ï¿½ 9 k 5 =ï¿½ï¿½	ï¿½#ï¿½ï¿½ï¿½' 3 g 2   / < 
  [      	localhostï¿½   
         #  3t    " Rï¿½fï¿½Woï¿½ï¿½ï¿½$ï¿½Å˜Vï¿½ï¿½'ï¿½m%Ü—ï¿½ï¿½ (ï¿½
ï¿½ 9 k 5 =ï¿½ï¿½	ï¿½#ï¿½ï¿½ï¿½' 3 g 2   / < 
  [      	localhostï¿½   
         #  3t    " Rï¿½fï¿½Woï¿½ï¿½ï¿½$ï¿½Å˜Vï¿½ï¿½'ï¿½m%Ü—ï¿½ï¿½ (ï¿½
ï¿½ 9 k 5 =ï¿½ï¿½	ï¿½#ï¿½ï¿½ï¿½' 3 g 2   / < 
  [      	localhostï¿½   
         #  3t    " Rï¿½fï¿½Woï¿½ï¿½ï¿½$ï¿½Å˜Vï¿½ï¿½'ï¿½m%Ü—ï¿½ï¿½ (ï¿½
ï¿½ 9 k 5 =ï¿½ï¿½	ï¿½#ï¿½ï¿½ï¿½' 3 g 2   / < 
  [      	localhostï¿½   
         #  3t    " Rï¿½fï¿½Woï¿½ï¿½ï¿½$ï¿½Å˜Vï¿½ï¿½'ï¿½m%Ü—ï¿½ï¿½ (ï¿½
ï¿½ 9 k 5 =ï¿½ï¿½	ï¿½#ï¿½ï¿½ï¿½' 3 g 2   / < 
  [      	localhostï¿½   
         #  3t    " Rï¿½fï¿½Woï¿½ï¿½ï¿½$ï¿½Å˜Vï¿½ï¿½'ï¿½m%Ü—ï¿½ï¿½ (ï¿½
ï¿½ 9 k 5 =ï¿½ï¿½	ï¿½#ï¿½ï¿½ï¿½' 3 g 2   / < 
  [      	localhostï¿½   
         #  3t    " Rï¿½fï¿½Woï¿½ï¿½ï¿½$ï¿½Å˜Vï¿½ï¿½'ï¿½m%Ü—ï¿½ï¿½ (ï¿½
ï¿½ 9 k 5 =ï¿½ï¿½	ï¿½#ï¿½ï¿½ï¿½' 3 g 2   / < 
  [      	localhostï¿½   
         #  3t    " Rï¿½fï¿½Woï¿½ï¿½ï¿½$ï¿½Å˜Vï¿½ï¿½'ï¿½m%Ü—ï¿½ï¿½ (ï¿½
ï¿½ 9 k 5 =ï¿½ï¿½	ï¿½#ï¿½ï¿½ï¿½' 3 g 2   / < 
  [      	localhostï¿½   
         #  3t    " <ï¿½Eï¿½)ï¿½Jï¿½ï¿½{)ï¿½2V`ï¿½ï¿½Rï¿½fï¿½Woï¿½ï¿½ï¿½$ï¿½Å˜Vï¿½ï¿½'ï¿½m%Ü—ï¿½ï¿½ (ï¿½
ï¿½ 9 k 5 =ï¿½ï¿½	ï¿½#ï¿½ï¿½ï¿½' 3 g 2   / < 
  [      	localhostï¿½   
         #  3t    " ï¿½nï¿½UKï¿½\77ï¿½ï¿½Mï¿½,~ï¿½ï¿½ï¿½ï¿½:ï¿½Rï¿½fï¿½Woï¿½ï¿½ï¿½$ï¿½Å˜Vï¿½ï¿½'ï¿½m%Ü—ï¿½ï¿½ (ï¿½
ï¿½ 9 k 5 =ï¿½ï¿½	ï¿½#ï¿½ï¿½ï¿½' 3 g 2   / < 
  [      	localhostï¿½   
         #  3t    " Rï¿½fï¿½Woï¿½ï¿½ï¿½$ï¿½Å˜Vï¿½ï¿½'ï¿½m%Ü—ï¿½ï¿½ (ï¿½
ï¿½ 9 k 5 =ï¿½ï¿½	ï¿½#ï¿½ï¿½ï¿½' 3 g 2   / < 
  [      	localhostï¿½   
         #  3t    " Rï¿½fï¿½Woï¿½ï¿½ï¿½$ï¿½Å˜Vï¿½ï¿½'ï¿½m%Ü—ï¿½ï¿½ (ï¿½
ï¿½ 9 k 5 =ï¿½ï¿½	ï¿½#ï¿½ï¿½ï¿½' 3 g 2   / < 
  [      	localhostï¿½   
         #  3t    " Rï¿½fï¿½Woï¿½ï¿½ï¿½$ï¿½Å˜Vï¿½ï¿½'ï¿½m%Ü—ï¿½ï¿½ (ï¿½
ï¿½ 9 k 5 =ï¿½ï¿½	ï¿½#ï¿½ï¿½ï¿½' 3 g 2   / < 
  [      	localhostï¿½   
         #  3t    " Rï¿½fï¿½Woï¿½ï¿½ï¿½$ï¿½Å˜Vï¿½ï¿½'ï¿½m%Ü—ï¿½ï¿½ (ï¿½
ï¿½ 9 k 5 =ï¿½ï¿½	ï¿½#ï¿½ï¿½ï¿½' 3 g 2   / < 
  [      	localhostï¿½   
         #  3t    " Rï¿½fï¿½Woï¿½ï¿½ï¿½$ï¿½Å˜Vï¿½ï¿½'ï¿½m%Ü—ï¿½ï¿½ (ï¿½
ï¿½ 9 k 5 =ï¿½ï¿½	ï¿½#ï¿½ï¿½ï¿½' 3 g 2   / < 
  [      	localhostï¿½   
         #  3t    " Rï¿½fï¿½Woï¿½ï¿½ï¿½$ï¿½Å˜Vï¿½ï¿½'ï¿½m%Ü—ï¿½ï¿½ (ï¿½
ï¿½ 9 k 5 =ï¿½ï¿½	ï¿½#ï¿½ï¿½ï¿½' 3 g 2   / < 
  [      	localhostï¿½   
         #  3t    " Rï¿½fï¿½Woï¿½ï¿½ï¿½$ï¿½Å˜Vï¿½ï¿½'ï¿½m%Ü—ï¿½ï¿½ (ï¿½
ï¿½ 9 k 5 =ï¿½ï¿½	ï¿½#ï¿½ï¿½ï¿½' 3 g 2   / < 
  [      	localhostï¿½   
         #  3t    " Rï¿½fï¿½Woï¿½ï¿½ï¿½$ï¿½Å˜Vï¿½ï¿½'ï¿½m%Ü—ï¿½ï¿½ (ï¿½
ï¿½ 9 k 5 =ï¿½ï¿½	ï¿½#ï¿½ï¿½ï¿½' 3 g 2   / < 
  [      	localhostï¿½   
         #  3t    " Rï¿½fï¿½Woï¿½ï¿½ï¿½$ï¿½Å˜Vï¿½ï¿½'ï¿½m%Ü—ï¿½ï¿½ (ï¿½
ï¿½ 9 k 5 =ï¿½ï¿½	ï¿½#ï¿½ï¿½ï¿½' 3 g 2   / < 
  [      	localhostï¿½   
         #  3t    " Rï¿½fï¿½Woï¿½ï¿½ï¿½$ï¿½Å˜Vï¿½ï¿½'ï¿½m%Ü—ï¿½ï¿½ (ï¿½
ï¿½ 9 k 5 =ï¿½ï¿½	ï¿½#ï¿½ï¿½ï¿½' 3 g 2   / < 
  [      	localhostï¿½   
         #  3t    " Rï¿½fï¿½Woï¿½ï¿½ï¿½$ï¿½Å˜Vï¿½ï¿½'ï¿½m%Ü—ï¿½ï¿½ (ï¿½
ï¿½ 9 k 5 =ï¿½ï¿½	ï¿½#ï¿½ï¿½ï¿½' 3 g 2   / < 
  [      	localhostï¿½   
         #  3t    " Rï¿½fï¿½Woï¿½ï¿½ï¿½$ï¿½Å˜Vï¿½ï¿½'ï¿½m%Ü—ï¿½ï¿½ (ï¿½
ï¿½ 9 k 5 =ï¿½ï¿½	ï¿½#ï¿½ï¿½ï¿½' 3 g 2   / < 
  [      	localhostï¿½   
         #  3t    " Rï¿½fï¿½Woï¿½ï¿½ï¿½$ï¿½Å˜Vï¿½ï¿½'ï¿½m%Ü—ï¿½ï¿½ (ï¿½
ï¿½ 9 k 5 =ï¿½ï¿½	ï¿½#ï¿½ï¿½ï¿½' 3 g 2   / < 
  [      	localhostï¿½   
         #  3t    " Rï¿½fï¿½Woï¿½ï¿½ï¿½$ï¿½Å˜Vï¿½ï¿½'ï¿½m%Ü—ï¿½ï¿½ (ï¿½
ï¿½ 9 k 5 =ï¿½ï¿½	ï¿½#ï¿½ï¿½ï¿½' 3 g 2   / < 
  [      	localhostï¿½   
         #  3t    " Rï¿½fï¿½Woï¿½ï¿½ï¿½$ï¿½Å˜Vï¿½ï¿½'ï¿½m%Ü—ï¿½ï¿½ (ï¿½
ï¿½ 9 k 5 =ï¿½ï¿½	ï¿½#ï¿½ï¿½ï¿½' 3 g 2   / < 
  [      	localhostï¿½   
         #  3t    " Rï¿½fï¿½Woï¿½ï¿½ï¿½$ï¿½Å˜Vï¿½ï¿½'ï¿½m%Ü—ï¿½ï¿½ (ï¿½
ï¿½ 9 k 5 =ï¿½ï¿½	ï¿½#ï¿½ï¿½ï¿½' 3 g 2   / < 
  [      	localhostï¿½   
         #  3t    " ï¿½ï¿½ï¿½(NRï¿½fï¿½Woï¿½ï¿½ï¿½$ï¿½Å˜Vï¿½ï¿½'ï¿½m%Ü—ï¿½ï¿½ (ï¿½
ï¿½ 9 k 5 =ï¿½ï¿½	ï¿½#ï¿½ï¿½ï¿½' 3 g 2   / < 
  [      	localhostï¿½   
         #  3t    " Rï¿½fï¿½Woï¿½ï¿½ï¿½$ï¿½Å˜Vï¿½ï¿½'ï¿½m%Ü—ï¿½ï¿½ (ï¿½
ï¿½ 9 k 5 =ï¿½ï¿½	ï¿½#ï¿½ï¿½ï¿½' 3 g 2   / < 
  [      	localhostï¿½   
         #  3t    " ï¿½'qï¿½Âˆdï¿½ï¿½E3Cï¿½Qï¿½&Rï¿½fï¿½Woï¿½ï¿½ï¿½$ï¿½Å˜Vï¿½ï¿½'ï¿½m%Ü—ï¿½ï¿½ (ï¿½
ï¿½ 9 k 5 =ï¿½ï¿½	ï¿½#ï¿½ï¿½ï¿½' 3 g 2   / < 
  [      	localhostï¿½   
         #  3t    " 